// Jest Snapshot v1, https://goo.gl/fbAQLP

exports[`testing app component checks if app renders 1`] = `
<DocumentFragment>
  <div
    class="App"
  >
    <div
      class="navbar_box"
    >
      <nav
        class="navbar"
      >
        <div>
          <img
            alt="logo_image"
            src="../styles/SURREAL ESTATE.jpg"
          />
          <ul
            class="navbar-links-item"
          >
            <li>
              <a
                class="item"
                href="/"
              >
                View Properties
              </a>
            </li>
            <li>
              <a
                class="item"
                href="/add-property"
              >
                Add a property
              </a>
            </li>
          </ul>
        </div>
      </nav>
    </div>
    <div>
      <div
        class="title"
      >
        Properties Page
      </div>
      <div
        class="properties"
      >
        <div
          class="property_lists"
        >
          <h1
            class="title"
          >
            List of Properties
          </h1>
          <h2
            class="property_title"
          />
          <h3
            class="price"
          />
          <h3
            class="location"
          >
            ,
          </h3>
          <p
            class="property_details"
          >
            bathrooms:, bedrooms:
          </p>
          <p
            class="email"
          />
        </div>
      </div>
    </div>
  </div>
</DocumentFragment>
`;
